// Jest Snapshot v1, https://goo.gl/fbAQLP

exports[`Não ha mudanças 1`] = `
<View>
  <Text>
    Snapshots
  </Text>
</View>
`;
